// Jest Snapshot v1, https://goo.gl/fbAQLP

exports[`Badge Compoment Default badge without props 1`] = `
<span
  className="badge primary"
>
  My dummy text
</span>
`;
